rows 41
cols 51
players 2
island $ 0
island $ 0
island $ 0
island $ 0
island $ 0
zone rect 0 -22 4 -6
zone rect -5 5 -1 21

m ...................................................
m .................................a.a.a.a.a.........
m ...................................................
m ...................................................
m ...................................................
m ...................................................
m ....$..............................................
m ...................................................
m ...................................................
m ...................................................
m ...................................................
m ...................................................
m ...........................................$.......
m ...................................................
m ...................................................
m ...................................................
m ...................................................
m ...................................................
m ...................................................
m ...................................................
m .........................$.........................
m ...................................................
m ...................................................
m ...................................................
m ...................................................
m ...................................................
m ...................................................
m ...................................................
m .......$...........................................
m ...................................................
m ...................................................
m ...................................................
m ...................................................
m ...................................................
m ..............................................$....
m ...................................................
m ...................................................
m ...................................................
m ...................................................
m .........b.b.b.b.b.................................
m ...................................................